<?php

namespace App\Filament\Resources\Blog\Posts\Schemas;

use Filament\Schema\Schema;

class PostForm
{
    public static function configure(Schema $schema): Schema
    {
        return $schema
            ->components([
                //
            ]);
    }
}
