<?php

namespace App\Filament\Resources\Users\Resources\Posts\Schemas;

use Filament\Schema\Schema;

class PostInfolist
{
    public static function configure(Schema $schema): Schema
    {
        return $schema
            ->components([
                //
            ]);
    }
}
